C51 COMPILER V9.60.7.0   MAIN                                                              06/28/2025 10:56:23 PAGE 1   


C51 COMPILER V9.60.7.0, COMPILATION OF MODULE MAIN
OBJECT MODULE PLACED IN .\Objects\main.obj
COMPILER INVOKED BY: d:\Keil_v5\C51\BIN\C51.EXE main.c OPTIMIZE(8,SPEED) BROWSE DEBUG OBJECTEXTEND PRINT(.\Listings\main
                    -.lst) TABS(2) OBJECT(.\Objects\main.obj)

line level    source

   1          #include "reg52.h"
   2          #include "delay.h"
   3          #include "i2c.h"
   4          
   5          
   6          sbit beep = P2^5;
   7          /*
   8          sbit pump = P3^6;
   9          
  10          sbit valve1 = P1^6;
  11          sbit valve2 = P1^5;
  12          sbit valve3 = P1^4;
  13          sbit valve6 = P1^3;
  14          sbit valve5 = P1^2;
  15          sbit valve4 = P1^1;
  16          
  17          sbit sw1 = P0^3;
  18          sbit sw2 = P0^2;
  19          sbit sw3 = P0^1;
  20          */
  21          
  22          
  23          void init() {
  24   1          P0 = 0x00;
  25   1          P1 = 0x00;
  26   1          P2 = 0x00;
  27   1          P3 = 0x00;
  28   1      }
  29          
  30          void uart_init()
  31          {
  32   1          TMOD = 0x20;
  33   1          TH1 = 0xFD;
  34   1          TL1= 0xFD;
  35   1          TR1 = 1;
  36   1          REN = 1;
  37   1          SM0 = 0;
  38   1          SM1 = 1;
  39   1       
  40   1          ES=1;           //设置接收发送中断
  41   1        EA=1;
  42   1       
  43   1       
  44   1      }
  45          void uart_send_byte(unsigned char byte)
  46          {
  47   1        SBUF = byte;
  48   1        while(TI == 0);
  49   1        TI = 0;
  50   1      }
  51          
  52          void gpio_write(uint8_t _port, uint8_t _bit, uint8_t value) {
  53   1          switch (_port) {
  54   2              case 0:
C51 COMPILER V9.60.7.0   MAIN                                                              06/28/2025 10:56:23 PAGE 2   

  55   2                  if (value) P0 |= (1 << _bit);
  56   2                  else P0 &= ~(1 << _bit);
  57   2                  break;
  58   2              case 1:
  59   2                  if (value) P1 |= (1 << _bit);
  60   2                  else P1 &= ~(1 << _bit);
  61   2                  break;
  62   2              case 2:
  63   2                  if (value) P2 |= (1 << _bit);
  64   2                  else P2 &= ~(1 << _bit);
  65   2                  break;
  66   2              case 3:
  67   2                  if (value) P3 |= (1 << _bit);
  68   2                  else P3 &= ~(1 << _bit);
  69   2                  break;
  70   2      
  71   2              case 8:
  72   2                  P0 = value;
  73   2                  break;
  74   2              case 9:
  75   2                  P1 = value;
  76   2                  break;
  77   2              case 10:
  78   2                  P2 = value;
  79   2                  break;
  80   2              case 11:
  81   2                  P3 = value;
  82   2                  break;
  83   2          }
  84   1      }
  85          
  86          uint8_t gpio_read(uint8_t _port, uint8_t _bit) {
  87   1          switch (_port) {
  88   2              case 0:
  89   2                  return (P0 >> _bit) & 0x01;
  90   2              case 1:
  91   2                  return (P1 >> _bit) & 0x01;
  92   2              case 2:
  93   2                  return (P2 >> _bit) & 0x01;
  94   2              case 3:
  95   2                  return (P3 >> _bit) & 0x01;
  96   2      
  97   2              case 8:
  98   2                  return P0;
  99   2              case 9:
 100   2                  return P1;
 101   2              case 10:
 102   2                  return P2;
 103   2              case 11:
 104   2                  return P3;
 105   2          }
 106   1          return 0;
 107   1      }
 108          
 109          void main() {
 110   1          uint8_t addr = 0;
 111   1          uint8_t value = 0;
 112   1      
 113   1          init();
 114   1          i2c_init();
 115   1          uart_init();
 116   1      
C51 COMPILER V9.60.7.0   MAIN                                                              06/28/2025 10:56:23 PAGE 3   

 117   1          delay(1000);
 118   1          uart_send_byte(0xA5); // send hello message to PC
 119   1      
 120   1          while(1) {
 121   2             if (i2c_slave_start(&addr)) {
 122   3      
 123   3                  if (addr & 0x01) { // host want to read
 124   4                      value = gpio_read((addr >> 4) & 0x0F, (addr >> 1) & 0x07);
 125   4                      i2c_slave_write(value);
 126   4                  } else {
 127   4                      value = i2c_slave_read();
 128   4                      gpio_write((addr >> 4) & 0x0F, (addr >> 1) & 0x07, value);
 129   4                  }
 130   3      
 131   3                  // uart_send_byte(addr);
 132   3                  // uart_send_byte(value);
 133   3             }
 134   2      
 135   2             i2c_slave_stop(); // wait for master to send stop signal
 136   2          }
 137   1      }
 138          
 139          void uart_rx_isr() interrupt 4
 140          {
 141   1        if(RI == 1)
 142   1        {
 143   2          RI = 0;
 144   2        }
 145   1      }


MODULE INFORMATION:   STATIC OVERLAYABLE
   CODE SIZE        =    423    ----
   CONSTANT SIZE    =   ----    ----
   XDATA SIZE       =   ----    ----
   PDATA SIZE       =   ----    ----
   DATA SIZE        =   ----       2
   IDATA SIZE       =   ----    ----
   BIT SIZE         =   ----    ----
END OF MODULE INFORMATION.


C51 COMPILATION COMPLETE.  0 WARNING(S),  0 ERROR(S)
