文件：CodeConfig.c 编译器版本 HGASM 0202 页次1


   1  0000              ; Generated by holtek-gcc v3.19, Tue Jul 27 17:51:56 2021
   2  0000              ; 
   3  0000              ; Configuration:
   4  0000              ;       with long instruction
   5  0000              ;       Single ROM, Multi-RAM
   6  0000              ;       bits_per_rom_unit:16
   7  0000              ;       with mp1
   8  0000              ;       with tbhp, address(0x9)
   9  0000              ;          Use tabrd-const
  10  0000              ;       
  11  0000              ; SFR address of long-instruction arch:
  12  0000              ;    mp0 = -1,1,0
  13  0000              ;    mp1 = 4,3,2
  14  0000              ;    mp2 = 14,13,12
  15  0000              ;    tbp = 9,7,8
  16  0000              ;    acc = 5
  17  0000              ;    pcl = 6
  18  0000              ;    status = 10
  19  0000              ;    bp = 11
  20  0000              ;    intc = 17
  21  0000              ;       
  22  0000              ;       
  23  0000              ; use 'tabrdc' instead of 'tabrd'
  24  0000              ;       
  25  0000              
  26  0000              #pragma translator "holtek-gcc 4.6.4" "3.19" "build 20130711"
  27  0000              ; Rebuild 718
  28  0000              
  29  0000              ir equ [2]
  30  0000              mp equ [3]
  31  0000              sbp equ [4]
  32  0000              acc equ [5]
  33  0000              bp equ [11]
  34  0000              tblp equ [7]
  35  0000              tbhp equ [9]
  36  0000              status equ [10]
  37  0000              c equ [10].0
  38  0000              ac equ [10].1
  39  0000              z equ [10].2
  40  0000              ov equ [10].3
  41  0000              cz equ [10].6
  42  0000              sc equ [10].7
  43  0000              intc equ [17]
  44  0000              
  45  0000              extern ra:byte
  46  0000              extern rb:byte
  47  0000              extern rc:byte
  48  0000              extern rd:byte
  49  0000              extern re:byte
  50  0000              extern rf:byte
  51  0000              extern rg:byte
  52  0000              extern rh:byte
  53  0000              extern _Crom2Prom:near
  54  0000              extern _Crom2PromNext:near
  55  0000              
  56  0000              RAMBANK 0 @BITDATASEC, @BITDATASEC1
  57  0000              @HCCINIT	.section 'data'
  58  0000              @HCCINIT0	.section 'data'
  59  0000              @BITDATASEC	 .section 'data'
文件：CodeConfig.ASM 编译器版本 HGASM 0202 页次2

  60  0000              @BITDATASEC1	 .section 'data'
  61  0000              
  62  0000              #pragma debug scope 1 1
  63  0000              	extern __DELAY3:near
  64  0000              	extern __DELAYX3:near
  65  0000              	extern __DELAYX6:near
  66  0000              	extern __DELAYY5:near
  67  0000              	extern __DELAYY3:near
  68  0000              	extern _builtin_holtek_delay_2:byte
  69  0000              public _System_Init
  70  0000              #pragma debug scope 2 1

  33  0000              #line 33 "f:\zccback\案例\tds\双路tds模块\显示模块\tds_disp\cc_generated_files\CodeConfig.c"
  33  0000              _System_Init .section 'code'
  33  0000              _System_Init proc
  34  0000              #line 34 "f:\zccback\案例\tds\双路tds模块\显示模块\tds_disp\cc_generated_files\CodeConfig.c"
  34  0000  2000     E  	call _SysClock_Init
  35  0001              #line 35 "f:\zccback\案例\tds\双路tds模块\显示模块\tds_disp\cc_generated_files\CodeConfig.c"
  35  0001  2000     E  	call _GPIO_Init
  36  0002              #line 36 "f:\zccback\案例\tds\双路tds模块\显示模块\tds_disp\cc_generated_files\CodeConfig.c"
  36  0002  2000     E  	call _CTM_Init
  37  0003              #line 37 "f:\zccback\案例\tds\双路tds模块\显示模块\tds_disp\cc_generated_files\CodeConfig.c"
  37  0003  2000     E  	call _Communicate_Init
  37  0004  0003        	ret
  37  0005              _System_Init endp
  37  0005              #line 37 "f:\zccback\案例\tds\双路tds模块\显示模块\tds_disp\cc_generated_files\CodeConfig.c"
  37  0005              #pragma debug scope 1 1
  37  0005              ___intc1 equ [18]
  37  0005              ___intc0 equ [17]
  37  0005              ___mfi1 equ [77]
  37  0005              ___ctmc0 equ [40]
  37  0005              public _System_Setting
  37  0005              #pragma debug scope 3 1
  42  0005              #line 42 "f:\zccback\案例\tds\双路tds模块\显示模块\tds_disp\cc_generated_files\CodeConfig.c"
  42  0000              _System_Setting .section 'code'
  42  0000              _System_Setting proc
  44  0000              #line 44 "f:\zccback\案例\tds\双路tds模块\显示模块\tds_disp\cc_generated_files\CodeConfig.c"
  44  0000  3612        	clr [18].4
  45  0001              #line 45 "f:\zccback\案例\tds\双路tds模块\显示模块\tds_disp\cc_generated_files\CodeConfig.c"
  45  0001  3012        	set [18].0
  46  0002              #line 46 "f:\zccback\案例\tds\双路tds模块\显示模块\tds_disp\cc_generated_files\CodeConfig.c"
  46  0002  3011        	set [17].0
  48  0003              #line 48 "f:\zccback\案例\tds\双路tds模块\显示模块\tds_disp\cc_generated_files\CodeConfig.c"
  48  0003  0FE8        	mov a,-24
  48  0004  0080     E  	mov _CTM_CounterModeConfig_2[0],a
  48  0005  0F03        	mov a,3
  48  0006  0080     E  	mov _CTM_CounterModeConfig_2[1],a
  48  0007  2000     E  	call _CTM_CounterModeConfig
  49  0008              #line 49 "f:\zccback\案例\tds\双路tds模块\显示模块\tds_disp\cc_generated_files\CodeConfig.c"
  49  0008  37CD        	clr [77].7
  50  0009              #line 50 "f:\zccback\案例\tds\双路tds模块\显示模块\tds_disp\cc_generated_files\CodeConfig.c"
  50  0009  31CD        	set [77].3
  51  000A              #line 51 "f:\zccback\案例\tds\双路tds模块\显示模块\tds_disp\cc_generated_files\CodeConfig.c"
  51  000A  31A8        	set [40].3
  51  000B  0003        	ret
  51  000C              _System_Setting endp
  51  000C              #line 51 "f:\zccback\案例\tds\双路tds模块\显示模块\tds_disp\cc_generated_files\CodeConfig.c"
  51  000C              #pragma debug scope 1 1
  51  000C              #pragma debug struct_end
  51  000C              #pragma debug struct_end
文件：CodeConfig.c 编译器版本 HGASM 0202 页次3

  51  000C              #pragma debug union_end
  51  000C              #pragma debug union_end
  51  000C              #pragma debug variable 43 1 ___intc0 "__intc0" 1
  51  000C              #pragma debug struct_end
  51  000C              #pragma debug struct_end
  51  000C              #pragma debug union_end
  51  000C              #pragma debug union_end
  51  000C              #pragma debug variable 45 1 ___intc1 "__intc1" 1
  51  000C              #pragma debug struct_end
  51  000C              #pragma debug struct_end
  51  000C              #pragma debug union_end
  51  000C              #pragma debug union_end
  51  000C              #pragma debug variable 47 1 ___ctmc0 "__ctmc0" 1
  51  000C              #pragma debug struct_end
  51  000C              #pragma debug struct_end
  51  000C              #pragma debug union_end
  51  000C              #pragma debug union_end
  51  000C              #pragma debug variable 49 1 ___mfi1 "__mfi1" 1
  51  000C              extern _SysClock_Init:near
  51  000C              extern _GPIO_Init:near
  51  000C              extern _CTM_Init:near
  51  000C              extern _Communicate_Init:near
  51  000C              extern _CTM_CounterModeConfig_2:byte
  51  000C              extern _CTM_CounterModeConfig:near
  51  000C              
  51  000C              ; 
  51  000C              ; Generated by holtek-gcc v3.19, Tue Jul 27 17:51:56 2021
  51  000C              ; Rebuild 718
  51  000C              ; end of file


        0 Errors, 0