文件：HT8_UART.c   编译器版本 HGASM 0202 页次1


   1  0000              ; Generated by holtek-gcc v3.19, Tue Jul 27 17:51:57 2021
   2  0000              ; 
   3  0000              ; Configuration:
   4  0000              ;       with long instruction
   5  0000              ;       Single ROM, Multi-RAM
   6  0000              ;       bits_per_rom_unit:16
   7  0000              ;       with mp1
   8  0000              ;       with tbhp, address(0x9)
   9  0000              ;          Use tabrd-const
  10  0000              ;       
  11  0000              ; SFR address of long-instruction arch:
  12  0000              ;    mp0 = -1,1,0
  13  0000              ;    mp1 = 4,3,2
  14  0000              ;    mp2 = 14,13,12
  15  0000              ;    tbp = 9,7,8
  16  0000              ;    acc = 5
  17  0000              ;    pcl = 6
  18  0000              ;    status = 10
  19  0000              ;    bp = 11
  20  0000              ;    intc = 17
  21  0000              ;       
  22  0000              ;       
  23  0000              ; use 'tabrdc' instead of 'tabrd'
  24  0000              ;       
  25  0000              
  26  0000              #pragma translator "holtek-gcc 4.6.4" "3.19" "build 20130711"
  27  0000              ; Rebuild 718
  28  0000              
  29  0000              ir equ [2]
  30  0000              mp equ [3]
  31  0000              sbp equ [4]
  32  0000              acc equ [5]
  33  0000              bp equ [11]
  34  0000              tblp equ [7]
  35  0000              tbhp equ [9]
  36  0000              status equ [10]
  37  0000              c equ [10].0
  38  0000              ac equ [10].1
  39  0000              z equ [10].2
  40  0000              ov equ [10].3
  41  0000              cz equ [10].6
  42  0000              sc equ [10].7
  43  0000              intc equ [17]
  44  0000              
  45  0000              extern ra:byte
  46  0000              extern rb:byte
  47  0000              extern rc:byte
  48  0000              extern rd:byte
  49  0000              extern re:byte
  50  0000              extern rf:byte
  51  0000              extern rg:byte
  52  0000              extern rh:byte
  53  0000              extern _Crom2Prom:near
  54  0000              extern _Crom2PromNext:near
  55  0000              
  56  0000              RAMBANK 0 @BITDATASEC, @BITDATASEC1
  57  0000              @HCCINIT	.section 'data'
  58  0000              @HCCINIT0	.section 'data'
  59  0000              @BITDATASEC	 .section 'data'
文件：HT8_UART.ASM 编译器版本 HGASM 0202 页次2

  60  0000              @BITDATASEC1	 .section 'data'
  61  0000              
  62  0000              #pragma debug scope 1 1
  63  0000              	extern __DELAY3:near
  64  0000              	extern __DELAYX3:near
  65  0000              	extern __DELAYX6:near
  66  0000              	extern __DELAYY5:near
  67  0000              	extern __DELAYY3:near
  68  0000              	extern _builtin_holtek_delay_2:byte
  69  0000              public _Clear_Rx_databuf
  70  0000              #pragma debug scope 2 1

  19  0000              #line 19 "f:\zccback\案例\tds\双路tds模块\显示模块\tds_disp\SW_Lib\HT8_UART.c"
  19  0000              _Clear_Rx_databuf .section 'code'
  19  0000              _Clear_Rx_databuf proc
  19  0000  0F0B        	mov a,11
  19  0001  0080     E  	mov ra,a
  21  0002              #line 21 "f:\zccback\案例\tds\双路tds模块\显示模块\tds_disp\SW_Lib\HT8_UART.c"
  21  0002  1F00     E  	clr rb
  21  0003              _L3:
  23  0003              #line 23 "f:\zccback\案例\tds\双路tds模块\显示模块\tds_disp\SW_Lib\HT8_UART.c"
  23  0003  0F00     R  	mov a,low offset _Rx_databuf
  23  0004  0300     E  	add a,rb
  23  0005  0083        	mov mp,a
  23  0006  0F00     R  	mov a,high offset _Rx_databuf
  23  0007  1F04        	clr sbp
  23  0008  1384        	adcm a,sbp
  23  0009  0F00        	mov a,0
  23  000A  0082        	mov ir,a
  21  000B              #line 21 "f:\zccback\案例\tds\双路tds模块\显示模块\tds_disp\SW_Lib\HT8_UART.c"
  21  000B  1480     E  	inc rb
  21  000C  1780     E  	sdz ra
  21  000D  2800     R  	jmp _L3
  21  000E  0003        	ret
  21  000F              _Clear_Rx_databuf endp
  21  000F              #line 21 "f:\zccback\案例\tds\双路tds模块\显示模块\tds_disp\SW_Lib\HT8_UART.c"
  21  000F              #pragma debug scope 1 1
  21  000F              public _Clear_Tx_databuf
  21  000F              #pragma debug scope 3 1
  29  000F              #line 29 "f:\zccback\案例\tds\双路tds模块\显示模块\tds_disp\SW_Lib\HT8_UART.c"
  29  0000              _Clear_Tx_databuf .section 'code'
  29  0000              _Clear_Tx_databuf proc
  29  0000  0F08        	mov a,8
  29  0001  0080     E  	mov ra,a
  31  0002              #line 31 "f:\zccback\案例\tds\双路tds模块\显示模块\tds_disp\SW_Lib\HT8_UART.c"
  31  0002  1F00     E  	clr rb
  31  0003              _L7:
  33  0003              #line 33 "f:\zccback\案例\tds\双路tds模块\显示模块\tds_disp\SW_Lib\HT8_UART.c"
  33  0003  0F00     R  	mov a,low offset _Tx_databuf
  33  0004  0300     E  	add a,rb
  33  0005  0083        	mov mp,a
  33  0006  0F00     R  	mov a,high offset _Tx_databuf
  33  0007  1F04        	clr sbp
  33  0008  1384        	adcm a,sbp
  33  0009  0F00        	mov a,0
  33  000A  0082        	mov ir,a
  31  000B              #line 31 "f:\zccback\案例\tds\双路tds模块\显示模块\tds_disp\SW_Lib\HT8_UART.c"
  31  000B  1480     E  	inc rb
  31  000C  1780     E  	sdz ra
  31  000D  2800     R  	jmp _L7
文件：HT8_UART.c   编译器版本 HGASM 0202 页次3

  31  000E  0003        	ret
  31  000F              _Clear_Tx_databuf endp
  31  000F              #line 31 "f:\zccback\案例\tds\双路tds模块\显示模块\tds_disp\SW_Lib\HT8_UART.c"
  31  000F              #pragma debug scope 1 1
  31  000F              ___pds0 equ [97]
  31  000F              ___ifs equ [81]
  31  000F              ___ucr1 equ [86]
  31  000F              ___ucr2 equ [87]
  31  000F              ___brg equ [88]
  31  000F              ___intc2 equ [19]
  31  000F              ___intc0 equ [17]
  31  000F              public _Communicate_Init
  31  000F              #pragma debug scope 4 1
  41  000F              #line 41 "f:\zccback\案例\tds\双路tds模块\显示模块\tds_disp\SW_Lib\HT8_UART.c"
  41  0000              _Communicate_Init .section 'code'
  41  0000              _Communicate_Init proc
  43  0000              #line 43 "f:\zccback\案例\tds\双路tds模块\显示模块\tds_disp\SW_Lib\HT8_UART.c"
  43  0000  36E1        	clr [97].5
  44  0001              #line 44 "f:\zccback\案例\tds\双路tds模块\显示模块\tds_disp\SW_Lib\HT8_UART.c"
  44  0001  3261        	set [97].4
  46  0002              #line 46 "f:\zccback\案例\tds\双路tds模块\显示模块\tds_disp\SW_Lib\HT8_UART.c"
  46  0002  35E1        	clr [97].3
  47  0003              #line 47 "f:\zccback\案例\tds\双路tds模块\显示模块\tds_disp\SW_Lib\HT8_UART.c"
  47  0003  3161        	set [97].2
  48  0004              #line 48 "f:\zccback\案例\tds\双路tds模块\显示模块\tds_disp\SW_Lib\HT8_UART.c"
  48  0004  3451        	clr [81].0
  51  0005              #line 51 "f:\zccback\案例\tds\双路tds模块\显示模块\tds_disp\SW_Lib\HT8_UART.c"
  51  0005  0F80        	mov a,128
  51  0006  00D6        	mov [86],a
  52  0007              #line 52 "f:\zccback\案例\tds\双路tds模块\显示模块\tds_disp\SW_Lib\HT8_UART.c"
  52  0007  1F57        	clr [87]
  53  0008              #line 53 "f:\zccback\案例\tds\双路tds模块\显示模块\tds_disp\SW_Lib\HT8_UART.c"
  53  0008  31D7        	set [87].3
  54  0009              #line 54 "f:\zccback\案例\tds\双路tds模块\显示模块\tds_disp\SW_Lib\HT8_UART.c"
  54  0009  32D7        	set [87].5
  55  000A              #line 55 "f:\zccback\案例\tds\双路tds模块\显示模块\tds_disp\SW_Lib\HT8_UART.c"
  55  000A  0F33        	mov a,51
  55  000B  00D8        	mov [88],a
  56  000C              #line 56 "f:\zccback\案例\tds\双路tds模块\显示模块\tds_disp\SW_Lib\HT8_UART.c"
  56  000C  33D7        	set [87].7
  57  000D              #line 57 "f:\zccback\案例\tds\双路tds模块\显示模块\tds_disp\SW_Lib\HT8_UART.c"
  57  000D  3357        	set [87].6
  58  000E              #line 58 "f:\zccback\案例\tds\双路tds模块\显示模块\tds_disp\SW_Lib\HT8_UART.c"
  58  000E  3157        	set [87].2
  59  000F              #line 59 "f:\zccback\案例\tds\双路tds模块\显示模块\tds_disp\SW_Lib\HT8_UART.c"
  59  000F  3793        	clr [19].7
  60  0010              #line 60 "f:\zccback\案例\tds\双路tds模块\显示模块\tds_disp\SW_Lib\HT8_UART.c"
  60  0010  3193        	set [19].3
  61  0011              #line 61 "f:\zccback\案例\tds\双路tds模块\显示模块\tds_disp\SW_Lib\HT8_UART.c"
  61  0011  3011        	set [17].0
  61  0012  0003        	ret
  61  0013              _Communicate_Init endp
  61  0013              #line 61 "f:\zccback\案例\tds\双路tds模块\显示模块\tds_disp\SW_Lib\HT8_UART.c"
  61  0013              #pragma debug scope 1 1
  61  0013              ___usr equ [85]
  61  0013              ___txr_rxr equ [89]
  61  0013              ___acc equ [5]
  61  0013              public _UART_ISR
  61  0013              #pragma debug scope 5 1
  72  0013              #line 72 "f:\zccback\案例\tds\双路tds模块\显示模块\tds_disp\SW_Lib\HT8_UART.c"
文件：HT8_UART.c   编译器版本 HGASM 0202 页次4

  72  0000              @UART_ISR_code .section at 44 'code'
  72  0000              ifdef INTERRUPT_DELAY
  72  0000              	nop
  72  0000              endif
  72  0000  0080     E  	mov r1,a
  72  0001  070A        	mov a,status
  72  0002              ifndef INTERRUPT_DELAY
  72  0002  0080     E  	mov r2,a
  72  0003              endif
  72  0003  2800     R  	jmp _UART_ISR
  72  0004              #pragma debug scope 1 1
  72  0004              @dummy44 endp
  72  0004              #pragma debug scope 6 1
  72  0000              _UART_ISR .section 'code'
  72  0000              _UART_ISR proc
  72  0000              ifdef INTERRUPT_DELAY
  72  0000              	mov r2,a
  72  0000              endif
  72  0000  0703        	mov a,mp
  72  0001  0080     E  	mov r3,a
  72  0002  0704        	mov a,sbp
  72  0003  0080     E  	mov r4,a
  73  0004              #line 73 "f:\zccback\案例\tds\双路tds模块\显示模块\tds_disp\SW_Lib\HT8_UART.c"
  73  0004  3955        	snz [85].2
  73  0005  2800     R  	jmp _L9
  75  0006              #line 75 "f:\zccback\案例\tds\双路tds模块\显示模块\tds_disp\SW_Lib\HT8_UART.c"
  75  0006  1F00     R  	clr _Uart_4msCnt[0]
  76  0007              #line 76 "f:\zccback\案例\tds\双路tds模块\显示模块\tds_disp\SW_Lib\HT8_UART.c"
  76  0007  0700     R  	mov a,_Rx_Count[0]
  76  0008  0080     E  	mov ra,a
  76  0009  0F0A        	mov a,10
  76  000A  0200     E  	sub a,ra
  76  000B  380A        	snz c
  76  000C  2800     R  	jmp _L12
  78  000D              #line 78 "f:\zccback\案例\tds\双路tds模块\显示模块\tds_disp\SW_Lib\HT8_UART.c"
  78  000D  0F00     R  	mov a,low offset _Rx_databuf
  78  000E  0300     E  	add a,ra
  78  000F  0083        	mov mp,a
  78  0010  0F00     R  	mov a,high offset _Rx_databuf
  78  0011  1F04        	clr sbp
  78  0012  1384        	adcm a,sbp
  78  0013  0759        	mov a,[89]
  78  0014  0082        	mov ir,a
  79  0015              #line 79 "f:\zccback\案例\tds\双路tds模块\显示模块\tds_disp\SW_Lib\HT8_UART.c"
  79  0015  1400     E  	inca ra
  79  0016  0080     E  	mov rb,a
  79  0017  0700     E  	mov a,rb
  79  0018  0080     R  	mov _Rx_Count[0],a
  81  0019              #line 81 "f:\zccback\案例\tds\双路tds模块\显示模块\tds_disp\SW_Lib\HT8_UART.c"
  81  0019  3955        	snz [85].2
  81  001A  2800     R  	jmp _L9
  83  001B              #line 83 "f:\zccback\案例\tds\双路tds模块\显示模块\tds_disp\SW_Lib\HT8_UART.c"
  83  001B  1F00     R  	clr _Uart_4msCnt[0]
  84  001C              #line 84 "f:\zccback\案例\tds\双路tds模块\显示模块\tds_disp\SW_Lib\HT8_UART.c"
  84  001C  0700     E  	mov a,rb
  84  001D  0A0B        	sub a,11
  84  001E  3D0A        	sz z
  84  001F  2800     R  	jmp _L12
  86  0020              #line 86 "f:\zccback\案例\tds\双路tds模块\显示模块\tds_disp\SW_Lib\HT8_UART.c"
  86  0020  0F00     R  	mov a,low offset _Rx_databuf
文件：HT8_UART.c   编译器版本 HGASM 0202 页次5

  86  0021  0300     E  	add a,rb
  86  0022  0083        	mov mp,a
  86  0023  0F00     R  	mov a,high offset _Rx_databuf
  86  0024  1F04        	clr sbp
  86  0025  1384        	adcm a,sbp
  86  0026  0759        	mov a,[89]
  86  0027  0082        	mov ir,a
  87  0028              #line 87 "f:\zccback\案例\tds\双路tds模块\显示模块\tds_disp\SW_Lib\HT8_UART.c"
  87  0028  0700     E  	mov a,ra
  87  0029  0B02        	add a,2
  87  002A  0080     R  	mov _Rx_Count[0],a
  87  002B  2800     R  	jmp _L9
  87  002C              _L12:
  92  002C              #line 92 "f:\zccback\案例\tds\双路tds模块\显示模块\tds_disp\SW_Lib\HT8_UART.c"
  92  002C  0759        	mov a,[89]
  92  002D  0085        	mov [5],a
  92  002E              _L9:
  92  002E  0700     E  	mov a,r2
  92  002F  008A        	mov status,a
  92  0030  0700     E  	mov a,r3
  92  0031  0083        	mov mp,a
  92  0032  0700     E  	mov a,r4
  92  0033  0084        	mov sbp,a
  92  0034  0700     E  	mov a,r1
  92  0035  0004        	reti
  92  0036              _UART_ISR endp
  92  0036              
  92  0036              #line 92 "f:\zccback\案例\tds\双路tds模块\显示模块\tds_disp\SW_Lib\HT8_UART.c"
  92  0036              #pragma debug scope 1 1
  38  0036              #line 38 "f:\zccback\案例\tds\双路tds模块\显示模块\tds_disp\SW_Lib\HT8_UART.c"
  38  0036              public _F_UART
  38  0000              @BITDATASEC .section 'data'
  38  0000  00          _F_UART	dbit 0
  38  0001              #pragma debug variable 2 1 _F_UART "F_UART"
  38  0001              
  38  0000              @HCCINIT .section 'data'
  14  0000              #line 14 "f:\zccback\案例\tds\双路tds模块\显示模块\tds_disp\SW_Lib\HT8_UART.c"
  14  0000              public _Tx_databuf
  14  0000              @HCCINIT0_Tx_databuf .section 'data'
  14  0000  0008[       _Tx_databuf	db 8 dup(0)
            00
            ]
  14  0008              #pragma debug array 42 8 8 1
  14  0008              #pragma debug array 42 8 8 1
  14  0008              #pragma debug variable 42 1 _Tx_databuf "Tx_databuf"
  14  0008              
  14  0000              @HCCINIT .section 'data'
  13  0000              #line 13 "f:\zccback\案例\tds\双路tds模块\显示模块\tds_disp\SW_Lib\HT8_UART.c"
  13  0000              public _Rx_databuf
  13  0000              @HCCINIT0_Rx_databuf .section 'data'
  13  0000  000B[       _Rx_databuf	db 11 dup(0)
            00
            ]
  13  000B              #pragma debug array 43 8 11 1
  13  000B              #pragma debug array 43 8 11 1
  13  000B              #pragma debug variable 43 1 _Rx_databuf "Rx_databuf"
  13  000B              
  13  0000              @HCCINIT .section 'data'
  10  0000              #line 10 "f:\zccback\案例\tds\双路tds模块\显示模块\tds_disp\SW_Lib\HT8_UART.c"
  10  0000              public _Uart_4msCnt
文件：HT8_UART.c   编译器版本 HGASM 0202 页次6

  10  0000              @HCCINIT0_Uart_4msCnt .section 'data'
  10  0000              _Uart_4msCnt	db 0
  10  0001              #pragma debug variable 8 1 _Uart_4msCnt "Uart_4msCnt"
  10  0001              
  10  0000              @HCCINIT .section 'data'
   7  0000              #line 7 "f:\zccback\案例\tds\双路tds模块\显示模块\tds_disp\SW_Lib\HT8_UART.c"
   7  0000              public _Tx_Count
   7  0000              @HCCINIT0_Tx_Count .section 'data'
   7  0000              _Tx_Count	db 0
   7  0001              #pragma debug variable 8 1 _Tx_Count "Tx_Count"
   7  0001              
   7  0000              @HCCINIT .section 'data'
   6  0000              #line 6 "f:\zccback\案例\tds\双路tds模块\显示模块\tds_disp\SW_Lib\HT8_UART.c"
   6  0000              public _Rx_Count
   6  0000              @HCCINIT0_Rx_Count .section 'data'
   6  0000              _Rx_Count	db 0
   6  0001              #pragma debug variable 8 1 _Rx_Count "Rx_Count"
   6  0001              
   6  0000              @HCCINIT .section 'data'
   6  0000              #pragma debug variable 8 1 ___acc "__acc" 1
   6  0000              #pragma debug struct_end
   6  0000              #pragma debug struct_end
   6  0000              #pragma debug union_end
   6  0000              #pragma debug union_end
   6  0000              #pragma debug variable 45 1 ___intc0 "__intc0" 1
   6  0000              #pragma debug struct_end
   6  0000              #pragma debug struct_end
   6  0000              #pragma debug union_end
   6  0000              #pragma debug union_end
   6  0000              #pragma debug variable 47 1 ___intc2 "__intc2" 1
   6  0000              #pragma debug struct_end
   6  0000              #pragma debug struct_end
   6  0000              #pragma debug union_end
   6  0000              #pragma debug union_end
   6  0000              #pragma debug variable 49 1 ___ifs "__ifs" 1
   6  0000              #pragma debug struct_end
   6  0000              #pragma debug struct_end
   6  0000              #pragma debug union_end
   6  0000              #pragma debug union_end
   6  0000              #pragma debug variable 51 1 ___usr "__usr" 1
   6  0000              #pragma debug struct_end
   6  0000              #pragma debug struct_end
   6  0000              #pragma debug union_end
   6  0000              #pragma debug union_end
   6  0000              #pragma debug variable 53 1 ___ucr1 "__ucr1" 1
   6  0000              #pragma debug struct_end
   6  0000              #pragma debug struct_end
   6  0000              #pragma debug union_end
   6  0000              #pragma debug union_end
   6  0000              #pragma debug variable 55 1 ___ucr2 "__ucr2" 1
   6  0000              #pragma debug struct_end
   6  0000              #pragma debug struct_end
   6  0000              #pragma debug union_end
   6  0000              #pragma debug union_end
   6  0000              #pragma debug variable 57 1 ___brg "__brg" 1
   6  0000              #pragma debug struct_end
   6  0000              #pragma debug struct_end
   6  0000              #pragma debug union_end
   6  0000              #pragma debug union_end
   6  0000              #pragma debug variable 59 1 ___txr_rxr "__txr_rxr" 1
文件：HT8_UART.c   编译器版本 HGASM 0202 页次7

   6  0000              #pragma debug struct_end
   6  0000              #pragma debug struct_end
   6  0000              #pragma debug union_end
   6  0000              #pragma debug union_end
   6  0000              #pragma debug variable 61 1 ___pds0 "__pds0" 1
   6  0000              extern r1:byte
   6  0000              extern r2:byte
   6  0000              extern r3:byte
   6  0000              extern r4:byte
   6  0000              
   6  0000              ; 
   6  0000              ; Generated by holtek-gcc v3.19, Tue Jul 27 17:51:57 2021
   6  0000              ; Rebuild 718
   6  0000              ; end of file


        0 Errors, 0