文件：HT8_GPIO.c   编译器版本 HGASM 0202 页次1


   1  0000              ; Generated by holtek-gcc v3.19, Tue Jul 27 17:51:57 2021
   2  0000              ; 
   3  0000              ; Configuration:
   4  0000              ;       with long instruction
   5  0000              ;       Single ROM, Multi-RAM
   6  0000              ;       bits_per_rom_unit:16
   7  0000              ;       with mp1
   8  0000              ;       with tbhp, address(0x9)
   9  0000              ;          Use tabrd-const
  10  0000              ;       
  11  0000              ; SFR address of long-instruction arch:
  12  0000              ;    mp0 = -1,1,0
  13  0000              ;    mp1 = 4,3,2
  14  0000              ;    mp2 = 14,13,12
  15  0000              ;    tbp = 9,7,8
  16  0000              ;    acc = 5
  17  0000              ;    pcl = 6
  18  0000              ;    status = 10
  19  0000              ;    bp = 11
  20  0000              ;    intc = 17
  21  0000              ;       
  22  0000              ;       
  23  0000              ; use 'tabrdc' instead of 'tabrd'
  24  0000              ;       
  25  0000              
  26  0000              #pragma translator "holtek-gcc 4.6.4" "3.19" "build 20130711"
  27  0000              ; Rebuild 718
  28  0000              
  29  0000              ir equ [2]
  30  0000              mp equ [3]
  31  0000              sbp equ [4]
  32  0000              acc equ [5]
  33  0000              bp equ [11]
  34  0000              tblp equ [7]
  35  0000              tbhp equ [9]
  36  0000              status equ [10]
  37  0000              c equ [10].0
  38  0000              ac equ [10].1
  39  0000              z equ [10].2
  40  0000              ov equ [10].3
  41  0000              cz equ [10].6
  42  0000              sc equ [10].7
  43  0000              intc equ [17]
  44  0000              
  45  0000              extern ra:byte
  46  0000              extern rb:byte
  47  0000              extern rc:byte
  48  0000              extern rd:byte
  49  0000              extern re:byte
  50  0000              extern rf:byte
  51  0000              extern rg:byte
  52  0000              extern rh:byte
  53  0000              extern _Crom2Prom:near
  54  0000              extern _Crom2PromNext:near
  55  0000              
  56  0000              RAMBANK 0 @BITDATASEC, @BITDATASEC1
  57  0000              @HCCINIT	.section 'data'
  58  0000              @HCCINIT0	.section 'data'
  59  0000              @BITDATASEC	 .section 'data'
文件：HT8_GPIO.ASM 编译器版本 HGASM 0202 页次2

  60  0000              @BITDATASEC1	 .section 'data'
  61  0000              
  62  0000              #pragma debug scope 1 1
  63  0000              	extern __DELAY3:near
  64  0000              	extern __DELAYX3:near
  65  0000              	extern __DELAYX6:near
  66  0000              	extern __DELAYY5:near
  67  0000              	extern __DELAYY3:near
  68  0000              	extern _builtin_holtek_delay_2:byte
  69  0000              ___pas0 equ [91]
  70  0000              ___pac equ [21]
  71  0000              ___pa equ [20]
  72  0000              ___pas1 equ [92]
  73  0000              ___pbs0 equ [93]
  74  0000              ___pbc equ [38]
  75  0000              ___pbpu equ [39]
  76  0000              ___pb equ [37]
  77  0000              ___pbs1 equ [94]
  78  0000              ___pcs0 equ [95]
  79  0000              ___pcc equ [66]
  80  0000              ___pc equ [65]
  81  0000              ___rstc equ [104]
  82  0000              ___pcs1 equ [96]
  83  0000              ___pds0 equ [97]
  84  0000              ___pdc equ [83]
  85  0000              ___pd equ [82]
  86  0000              ___ifs equ [81]
  87  0000              ___sledc0 equ [79]
  88  0000              ___sledc1 equ [80]
  89  0000              public _GPIO_Init
  90  0000              #pragma debug scope 2 1

  35  0000              #line 35 "f:\zccback\案例\tds\双路tds模块\显示模块\tds_disp\SW_Lib\HT8_GPIO.c"
  35  0000              _GPIO_Init .section 'code'
  35  0000              _GPIO_Init proc
  41  0000              #line 41 "f:\zccback\案例\tds\双路tds模块\显示模块\tds_disp\SW_Lib\HT8_GPIO.c"
  41  0000  34DB        	clr [91].1
  41  0001  345B        	clr [91].0
  41  0002  3415        	clr [21].0
  41  0003  3414        	clr [20].0
  73  0004              #line 73 "f:\zccback\案例\tds\双路tds模块\显示模块\tds_disp\SW_Lib\HT8_GPIO.c"
  73  0004  35DB        	clr [91].3
  73  0005  355B        	clr [91].2
  73  0006  3495        	clr [21].1
  73  0007  3494        	clr [20].1
 108  0008              #line 108 "f:\zccback\案例\tds\双路tds模块\显示模块\tds_disp\SW_Lib\HT8_GPIO.c"
 108  0008  36DB        	clr [91].5
 108  0009  365B        	clr [91].4
 108  000A  3515        	clr [21].2
 108  000B  3514        	clr [20].2
 140  000C              #line 140 "f:\zccback\案例\tds\双路tds模块\显示模块\tds_disp\SW_Lib\HT8_GPIO.c"
 140  000C  37DB        	clr [91].7
 140  000D  375B        	clr [91].6
 140  000E  3595        	clr [21].3
 140  000F  3594        	clr [20].3
 175  0010              #line 175 "f:\zccback\案例\tds\双路tds模块\显示模块\tds_disp\SW_Lib\HT8_GPIO.c"
 175  0010  34DC        	clr [92].1
 175  0011  345C        	clr [92].0
 175  0012  3615        	clr [21].4
 175  0013  3614        	clr [20].4
文件：HT8_GPIO.c   编译器版本 HGASM 0202 页次3

 211  0014              #line 211 "f:\zccback\案例\tds\双路tds模块\显示模块\tds_disp\SW_Lib\HT8_GPIO.c"
 211  0014  35DC        	clr [92].3
 211  0015  355C        	clr [92].2
 211  0016  3695        	clr [21].5
 211  0017  3694        	clr [20].5
 247  0018              #line 247 "f:\zccback\案例\tds\双路tds模块\显示模块\tds_disp\SW_Lib\HT8_GPIO.c"
 247  0018  36DC        	clr [92].5
 247  0019  365C        	clr [92].4
 247  001A  3715        	clr [21].6
 247  001B  3714        	clr [20].6
 286  001C              #line 286 "f:\zccback\案例\tds\双路tds模块\显示模块\tds_disp\SW_Lib\HT8_GPIO.c"
 286  001C  37DC        	clr [92].7
 286  001D  375C        	clr [92].6
 286  001E  3795        	clr [21].7
 286  001F  3794        	clr [20].7
 328  0020              #line 328 "f:\zccback\案例\tds\双路tds模块\显示模块\tds_disp\SW_Lib\HT8_GPIO.c"
 328  0020  34DD        	clr [93].1
 328  0021  345D        	clr [93].0
 328  0022  3026        	set [38].0
 348  0023              #line 348 "f:\zccback\案例\tds\双路tds模块\显示模块\tds_disp\SW_Lib\HT8_GPIO.c"
 348  0023  3027        	set [39].0
 364  0024              #line 364 "f:\zccback\案例\tds\双路tds模块\显示模块\tds_disp\SW_Lib\HT8_GPIO.c"
 364  0024  35DD        	clr [93].3
 364  0025  355D        	clr [93].2
 364  0026  30A6        	set [38].1
 384  0027              #line 384 "f:\zccback\案例\tds\双路tds模块\显示模块\tds_disp\SW_Lib\HT8_GPIO.c"
 384  0027  30A7        	set [39].1
 395  0028              #line 395 "f:\zccback\案例\tds\双路tds模块\显示模块\tds_disp\SW_Lib\HT8_GPIO.c"
 395  0028  36DD        	clr [93].5
 395  0029  365D        	clr [93].4
 395  002A  3526        	clr [38].2
 395  002B  3525        	clr [37].2
 430  002C              #line 430 "f:\zccback\案例\tds\双路tds模块\显示模块\tds_disp\SW_Lib\HT8_GPIO.c"
 430  002C  37DD        	clr [93].7
 430  002D  375D        	clr [93].6
 430  002E  35A6        	clr [38].3
 430  002F  35A5        	clr [37].3
 462  0030              #line 462 "f:\zccback\案例\tds\双路tds模块\显示模块\tds_disp\SW_Lib\HT8_GPIO.c"
 462  0030  34DE        	clr [94].1
 462  0031  345E        	clr [94].0
 462  0032  3626        	clr [38].4
 462  0033  3625        	clr [37].4
 494  0034              #line 494 "f:\zccback\案例\tds\双路tds模块\显示模块\tds_disp\SW_Lib\HT8_GPIO.c"
 494  0034  35DE        	clr [94].3
 494  0035  355E        	clr [94].2
 494  0036  36A6        	clr [38].5
 494  0037  36A5        	clr [37].5
 525  0038              #line 525 "f:\zccback\案例\tds\双路tds模块\显示模块\tds_disp\SW_Lib\HT8_GPIO.c"
 525  0038  36DE        	clr [94].5
 525  0039  365E        	clr [94].4
 525  003A  3726        	clr [38].6
 525  003B  3725        	clr [37].6
 561  003C              #line 561 "f:\zccback\案例\tds\双路tds模块\显示模块\tds_disp\SW_Lib\HT8_GPIO.c"
 561  003C  34DF        	clr [95].1
 561  003D  345F        	clr [95].0
 561  003E  3442        	clr [66].0
 561  003F  3441        	clr [65].0
 597  0040              #line 597 "f:\zccback\案例\tds\双路tds模块\显示模块\tds_disp\SW_Lib\HT8_GPIO.c"
 597  0040  35DF        	clr [95].3
 597  0041  355F        	clr [95].2
文件：HT8_GPIO.c   编译器版本 HGASM 0202 页次4

 597  0042  34C2        	clr [66].1
 597  0043  34C1        	clr [65].1
 629  0044              #line 629 "f:\zccback\案例\tds\双路tds模块\显示模块\tds_disp\SW_Lib\HT8_GPIO.c"
 629  0044  0F55        	mov a,85
 629  0045  00E8        	mov [104],a
 629  0046  36DF        	clr [95].5
 629  0047  365F        	clr [95].4
 629  0048  3542        	clr [66].2
 629  0049  3541        	clr [65].2
 661  004A              #line 661 "f:\zccback\案例\tds\双路tds模块\显示模块\tds_disp\SW_Lib\HT8_GPIO.c"
 661  004A  37DF        	clr [95].7
 661  004B  375F        	clr [95].6
 661  004C  35C2        	clr [66].3
 661  004D  35C1        	clr [65].3
 689  004E              #line 689 "f:\zccback\案例\tds\双路tds模块\显示模块\tds_disp\SW_Lib\HT8_GPIO.c"
 689  004E  34E0        	clr [96].1
 689  004F  3460        	clr [96].0
 689  0050  3642        	clr [66].4
 689  0051  3641        	clr [65].4
 717  0052              #line 717 "f:\zccback\案例\tds\双路tds模块\显示模块\tds_disp\SW_Lib\HT8_GPIO.c"
 717  0052  35E0        	clr [96].3
 717  0053  3560        	clr [96].2
 717  0054  36C2        	clr [66].5
 717  0055  36C1        	clr [65].5
 745  0056              #line 745 "f:\zccback\案例\tds\双路tds模块\显示模块\tds_disp\SW_Lib\HT8_GPIO.c"
 745  0056  36E0        	clr [96].5
 745  0057  3660        	clr [96].4
 745  0058  3742        	clr [66].6
 745  0059  3741        	clr [65].6
 774  005A              #line 774 "f:\zccback\案例\tds\双路tds模块\显示模块\tds_disp\SW_Lib\HT8_GPIO.c"
 774  005A  34E1        	clr [97].1
 774  005B  3461        	clr [97].0
 774  005C  3453        	clr [83].0
 774  005D  3452        	clr [82].0
 809  005E              #line 809 "f:\zccback\案例\tds\双路tds模块\显示模块\tds_disp\SW_Lib\HT8_GPIO.c"
 809  005E  3451        	clr [81].0
 809  005F  35E1        	clr [97].3
 809  0060  3161        	set [97].2
 838  0061              #line 838 "f:\zccback\案例\tds\双路tds模块\显示模块\tds_disp\SW_Lib\HT8_GPIO.c"
 838  0061  36E1        	clr [97].5
 838  0062  3261        	set [97].4
 858  0063              #line 858 "f:\zccback\案例\tds\双路tds模块\显示模块\tds_disp\SW_Lib\HT8_GPIO.c"
 858  0063  37E1        	clr [97].7
 858  0064  3761        	clr [97].6
 858  0065  35D3        	clr [83].3
 858  0066  35D2        	clr [82].3
 886  0067              #line 886 "f:\zccback\案例\tds\双路tds模块\显示模块\tds_disp\SW_Lib\HT8_GPIO.c"
 886  0067  34CF        	clr [79].1
 886  0068  344F        	clr [79].0
 902  0069              #line 902 "f:\zccback\案例\tds\双路tds模块\显示模块\tds_disp\SW_Lib\HT8_GPIO.c"
 902  0069  35CF        	clr [79].3
 902  006A  354F        	clr [79].2
 918  006B              #line 918 "f:\zccback\案例\tds\双路tds模块\显示模块\tds_disp\SW_Lib\HT8_GPIO.c"
 918  006B  36CF        	clr [79].5
 918  006C  364F        	clr [79].4
 934  006D              #line 934 "f:\zccback\案例\tds\双路tds模块\显示模块\tds_disp\SW_Lib\HT8_GPIO.c"
 934  006D  37CF        	clr [79].7
 934  006E  374F        	clr [79].6
 950  006F              #line 950 "f:\zccback\案例\tds\双路tds模块\显示模块\tds_disp\SW_Lib\HT8_GPIO.c"
 950  006F  34D0        	clr [80].1
文件：HT8_GPIO.c   编译器版本 HGASM 0202 页次5

 950  0070  3450        	clr [80].0
 966  0071              #line 966 "f:\zccback\案例\tds\双路tds模块\显示模块\tds_disp\SW_Lib\HT8_GPIO.c"
 966  0071  35D0        	clr [80].3
 966  0072  3550        	clr [80].2
 982  0073              #line 982 "f:\zccback\案例\tds\双路tds模块\显示模块\tds_disp\SW_Lib\HT8_GPIO.c"
 982  0073  36D0        	clr [80].5
 982  0074  3650        	clr [80].4
 982  0075  0003        	ret
 982  0076              _GPIO_Init endp
 982  0076              #line 982 "f:\zccback\案例\tds\双路tds模块\显示模块\tds_disp\SW_Lib\HT8_GPIO.c"
 982  0076              #pragma debug scope 1 1
 982  0076              #pragma debug struct_end
 982  0076              #pragma debug struct_end
 982  0076              #pragma debug union_end
 982  0076              #pragma debug union_end
 982  0076              #pragma debug variable 43 1 ___pa "__pa" 1
 982  0076              #pragma debug struct_end
 982  0076              #pragma debug struct_end
 982  0076              #pragma debug union_end
 982  0076              #pragma debug union_end
 982  0076              #pragma debug variable 45 1 ___pac "__pac" 1
 982  0076              #pragma debug struct_end
 982  0076              #pragma debug struct_end
 982  0076              #pragma debug union_end
 982  0076              #pragma debug union_end
 982  0076              #pragma debug variable 47 1 ___pb "__pb" 1
 982  0076              #pragma debug struct_end
 982  0076              #pragma debug struct_end
 982  0076              #pragma debug union_end
 982  0076              #pragma debug union_end
 982  0076              #pragma debug variable 49 1 ___pbc "__pbc" 1
 982  0076              #pragma debug struct_end
 982  0076              #pragma debug struct_end
 982  0076              #pragma debug union_end
 982  0076              #pragma debug union_end
 982  0076              #pragma debug variable 51 1 ___pbpu "__pbpu" 1
 982  0076              #pragma debug struct_end
 982  0076              #pragma debug struct_end
 982  0076              #pragma debug union_end
 982  0076              #pragma debug union_end
 982  0076              #pragma debug variable 53 1 ___pc "__pc" 1
 982  0076              #pragma debug struct_end
 982  0076              #pragma debug struct_end
 982  0076              #pragma debug union_end
 982  0076              #pragma debug union_end
 982  0076              #pragma debug variable 55 1 ___pcc "__pcc" 1
 982  0076              #pragma debug struct_end
 982  0076              #pragma debug struct_end
 982  0076              #pragma debug union_end
 982  0076              #pragma debug union_end
 982  0076              #pragma debug variable 57 1 ___sledc0 "__sledc0" 1
 982  0076              #pragma debug struct_end
 982  0076              #pragma debug struct_end
 982  0076              #pragma debug union_end
 982  0076              #pragma debug union_end
 982  0076              #pragma debug variable 59 1 ___sledc1 "__sledc1" 1
 982  0076              #pragma debug struct_end
 982  0076              #pragma debug struct_end
 982  0076              #pragma debug union_end
 982  0076              #pragma debug union_end
文件：HT8_GPIO.c   编译器版本 HGASM 0202 页次6

 982  0076              #pragma debug variable 61 1 ___ifs "__ifs" 1
 982  0076              #pragma debug struct_end
 982  0076              #pragma debug struct_end
 982  0076              #pragma debug union_end
 982  0076              #pragma debug union_end
 982  0076              #pragma debug variable 63 1 ___pd "__pd" 1
 982  0076              #pragma debug struct_end
 982  0076              #pragma debug struct_end
 982  0076              #pragma debug union_end
 982  0076              #pragma debug union_end
 982  0076              #pragma debug variable 65 1 ___pdc "__pdc" 1
 982  0076              #pragma debug struct_end
 982  0076              #pragma debug struct_end
 982  0076              #pragma debug union_end
 982  0076              #pragma debug union_end
 982  0076              #pragma debug variable 67 1 ___pas0 "__pas0" 1
 982  0076              #pragma debug struct_end
 982  0076              #pragma debug struct_end
 982  0076              #pragma debug union_end
 982  0076              #pragma debug union_end
 982  0076              #pragma debug variable 69 1 ___pas1 "__pas1" 1
 982  0076              #pragma debug struct_end
 982  0076              #pragma debug struct_end
 982  0076              #pragma debug union_end
 982  0076              #pragma debug union_end
 982  0076              #pragma debug variable 71 1 ___pbs0 "__pbs0" 1
 982  0076              #pragma debug struct_end
 982  0076              #pragma debug struct_end
 982  0076              #pragma debug union_end
 982  0076              #pragma debug union_end
 982  0076              #pragma debug variable 73 1 ___pbs1 "__pbs1" 1
 982  0076              #pragma debug struct_end
 982  0076              #pragma debug struct_end
 982  0076              #pragma debug union_end
 982  0076              #pragma debug union_end
 982  0076              #pragma debug variable 75 1 ___pcs0 "__pcs0" 1
 982  0076              #pragma debug struct_end
 982  0076              #pragma debug struct_end
 982  0076              #pragma debug union_end
 982  0076              #pragma debug union_end
 982  0076              #pragma debug variable 77 1 ___pcs1 "__pcs1" 1
 982  0076              #pragma debug struct_end
 982  0076              #pragma debug struct_end
 982  0076              #pragma debug union_end
 982  0076              #pragma debug union_end
 982  0076              #pragma debug variable 79 1 ___pds0 "__pds0" 1
 982  0076              #pragma debug struct_end
 982  0076              #pragma debug struct_end
 982  0076              #pragma debug union_end
 982  0076              #pragma debug union_end
 982  0076              #pragma debug variable 81 1 ___rstc "__rstc" 1
 982  0076              
 982  0076              ; 
 982  0076              ; Generated by holtek-gcc v3.19, Tue Jul 27 17:51:57 2021
 982  0076              ; Rebuild 718
 982  0076              ; end of file


        0 Errors, 0