文件：HT8_it.c     编译器版本 HGASM 0202 页次1


   1  0000              ; Generated by holtek-gcc v3.19, Tue Jul 27 17:51:56 2021
   2  0000              ; 
   3  0000              ; Configuration:
   4  0000              ;       with long instruction
   5  0000              ;       Single ROM, Multi-RAM
   6  0000              ;       bits_per_rom_unit:16
   7  0000              ;       with mp1
   8  0000              ;       with tbhp, address(0x9)
   9  0000              ;          Use tabrd-const
  10  0000              ;       
  11  0000              ; SFR address of long-instruction arch:
  12  0000              ;    mp0 = -1,1,0
  13  0000              ;    mp1 = 4,3,2
  14  0000              ;    mp2 = 14,13,12
  15  0000              ;    tbp = 9,7,8
  16  0000              ;    acc = 5
  17  0000              ;    pcl = 6
  18  0000              ;    status = 10
  19  0000              ;    bp = 11
  20  0000              ;    intc = 17
  21  0000              ;       
  22  0000              ;       
  23  0000              ; use 'tabrdc' instead of 'tabrd'
  24  0000              ;       
  25  0000              
  26  0000              #pragma translator "holtek-gcc 4.6.4" "3.19" "build 20130711"
  27  0000              ; Rebuild 718
  28  0000              
  29  0000              ir equ [2]
  30  0000              mp equ [3]
  31  0000              sbp equ [4]
  32  0000              acc equ [5]
  33  0000              bp equ [11]
  34  0000              tblp equ [7]
  35  0000              tbhp equ [9]
  36  0000              status equ [10]
  37  0000              c equ [10].0
  38  0000              ac equ [10].1
  39  0000              z equ [10].2
  40  0000              ov equ [10].3
  41  0000              cz equ [10].6
  42  0000              sc equ [10].7
  43  0000              intc equ [17]
  44  0000              
  45  0000              extern ra:byte
  46  0000              extern rb:byte
  47  0000              extern rc:byte
  48  0000              extern rd:byte
  49  0000              extern re:byte
  50  0000              extern rf:byte
  51  0000              extern rg:byte
  52  0000              extern rh:byte
  53  0000              extern _Crom2Prom:near
  54  0000              extern _Crom2PromNext:near
  55  0000              
  56  0000              RAMBANK 0 @BITDATASEC, @BITDATASEC1
  57  0000              @HCCINIT	.section 'data'
  58  0000              @HCCINIT0	.section 'data'
  59  0000              @BITDATASEC	 .section 'data'
文件：HT8_it.ASM   编译器版本 HGASM 0202 页次2

  60  0000              @BITDATASEC1	 .section 'data'
  61  0000              
  62  0000              #pragma debug scope 1 1
  63  0000              	extern __DELAY3:near
  64  0000              	extern __DELAYX3:near
  65  0000              	extern __DELAYX6:near
  66  0000              	extern __DELAYY5:near
  67  0000              	extern __DELAYY3:near
  68  0000              	extern _builtin_holtek_delay_2:byte
  69  0000              public _INT0_ISR
  70  0000              #pragma debug scope 2 1

  41  0000              #line 41 "f:\zccback\案例\tds\双路tds模块\显示模块\tds_disp\SW_Lib\HT8_it.c"
  41  0000              @INT0_ISR_code .section at 4 'code'
  41  0000              _INT0_ISR:
  41  0000              ifdef INTERRUPT_DELAY
  41  0000              	nop
  41  0000              endif
  41  0000  0004        	reti
  41  0001              #line 41 "f:\zccback\案例\tds\双路tds模块\显示模块\tds_disp\SW_Lib\HT8_it.c"
  41  0001              #pragma debug scope 1 1
  41  0001              public _COMP_ISR
  41  0001              #pragma debug scope 3 1
  53  0001              #line 53 "f:\zccback\案例\tds\双路tds模块\显示模块\tds_disp\SW_Lib\HT8_it.c"
  53  0000              @COMP_ISR_code .section at 8 'code'
  53  0000              _COMP_ISR:
  53  0000              ifdef INTERRUPT_DELAY
  53  0000              	nop
  53  0000              endif
  53  0000  0004        	reti
  53  0001              #line 53 "f:\zccback\案例\tds\双路tds模块\显示模块\tds_disp\SW_Lib\HT8_it.c"
  53  0001              #pragma debug scope 1 1
  53  0001              ___mfi0 equ [76]
  53  0001              public _STM_ISR
  53  0001              #pragma debug scope 4 1
  65  0001              #line 65 "f:\zccback\案例\tds\双路tds模块\显示模块\tds_disp\SW_Lib\HT8_it.c"
  65  0000              @STM_ISR_code .section at 12 'code'
  65  0000              ifdef INTERRUPT_DELAY
  65  0000              	nop
  65  0000              endif
  65  0000  0080     E  	mov r1,a
  65  0001  070A        	mov a,status
  65  0002              ifndef INTERRUPT_DELAY
  65  0002  0080     E  	mov r2,a
  65  0003              endif
  65  0003  2800     R  	jmp _STM_ISR
  65  0004              #pragma debug scope 1 1
  65  0004              @dummy12 endp
  65  0004              #pragma debug scope 5 1
  65  0000              _STM_ISR .section 'code'
  65  0000              _STM_ISR proc
  65  0000              ifdef INTERRUPT_DELAY
  65  0000              	mov r2,a
  65  0000              endif
  66  0000              #line 66 "f:\zccback\案例\tds\双路tds模块\显示模块\tds_disp\SW_Lib\HT8_it.c"
  66  0000  3ACC        	snz [76].5
  66  0001  2800     R  	jmp _L4
  68  0002              #line 68 "f:\zccback\案例\tds\双路tds模块\显示模块\tds_disp\SW_Lib\HT8_it.c"
  68  0002  36CC        	clr [76].5
  68  0003              _L4:
文件：HT8_it.c     编译器版本 HGASM 0202 页次3

  71  0003              #line 71 "f:\zccback\案例\tds\双路tds模块\显示模块\tds_disp\SW_Lib\HT8_it.c"
  71  0003  3A4C        	snz [76].4
  71  0004  2800     R  	jmp _L3
  73  0005              #line 73 "f:\zccback\案例\tds\双路tds模块\显示模块\tds_disp\SW_Lib\HT8_it.c"
  73  0005  364C        	clr [76].4
  73  0006              _L3:
  73  0006  0700     E  	mov a,r2
  73  0007  008A        	mov status,a
  73  0008  0700     E  	mov a,r1
  73  0009  0004        	reti
  73  000A              _STM_ISR endp
  73  000A              
  73  000A              #line 73 "f:\zccback\案例\tds\双路tds模块\显示模块\tds_disp\SW_Lib\HT8_it.c"
  73  000A              #pragma debug scope 1 1
  73  000A              ___mfi2 equ [78]
  73  000A              public _LVD_EEPROM_ISR
  73  000A              #pragma debug scope 6 1
  95  000A              #line 95 "f:\zccback\案例\tds\双路tds模块\显示模块\tds_disp\SW_Lib\HT8_it.c"
  95  0000              @LVD_EEPROM_ISR_code .section at 20 'code'
  95  0000              ifdef INTERRUPT_DELAY
  95  0000              	nop
  95  0000              endif
  95  0000  0080     E  	mov r1,a
  95  0001  070A        	mov a,status
  95  0002              ifndef INTERRUPT_DELAY
  95  0002  0080     E  	mov r2,a
  95  0003              endif
  95  0003  2800     R  	jmp _LVD_EEPROM_ISR
  95  0004              #pragma debug scope 1 1
  95  0004              @dummy20 endp
  95  0004              #pragma debug scope 7 1
  95  0000              _LVD_EEPROM_ISR .section 'code'
  95  0000              _LVD_EEPROM_ISR proc
  95  0000              ifdef INTERRUPT_DELAY
  95  0000              	mov r2,a
  95  0000              endif
  96  0000              #line 96 "f:\zccback\案例\tds\双路tds模块\显示模块\tds_disp\SW_Lib\HT8_it.c"
  96  0000  3A4E        	snz [78].4
  96  0001  2800     R  	jmp _L14
  98  0002              #line 98 "f:\zccback\案例\tds\双路tds模块\显示模块\tds_disp\SW_Lib\HT8_it.c"
  98  0002  364E        	clr [78].4
  98  0003              _L14:
 101  0003              #line 101 "f:\zccback\案例\tds\双路tds模块\显示模块\tds_disp\SW_Lib\HT8_it.c"
 101  0003  3ACE        	snz [78].5
 101  0004  2800     R  	jmp _L13
 103  0005              #line 103 "f:\zccback\案例\tds\双路tds模块\显示模块\tds_disp\SW_Lib\HT8_it.c"
 103  0005  36CE        	clr [78].5
 103  0006              _L13:
 103  0006  0700     E  	mov a,r2
 103  0007  008A        	mov status,a
 103  0008  0700     E  	mov a,r1
 103  0009  0004        	reti
 103  000A              _LVD_EEPROM_ISR endp
 103  000A              
 103  000A              #line 103 "f:\zccback\案例\tds\双路tds模块\显示模块\tds_disp\SW_Lib\HT8_it.c"
 103  000A              #pragma debug scope 1 1
 103  000A              public _ADC_ISR
 103  000A              #pragma debug scope 8 1
 116  000A              #line 116 "f:\zccback\案例\tds\双路tds模块\显示模块\tds_disp\SW_Lib\HT8_it.c"
 116  0000              @ADC_ISR_code .section at 24 'code'
文件：HT8_it.c     编译器版本 HGASM 0202 页次4

 116  0000              _ADC_ISR:
 116  0000              ifdef INTERRUPT_DELAY
 116  0000              	nop
 116  0000              endif
 116  0000  0004        	reti
 116  0001              #line 116 "f:\zccback\案例\tds\双路tds模块\显示模块\tds_disp\SW_Lib\HT8_it.c"
 116  0001              #pragma debug scope 1 1
 116  0001              public _TB0_ISR
 116  0001              #pragma debug scope 9 1
 129  0001              #line 129 "f:\zccback\案例\tds\双路tds模块\显示模块\tds_disp\SW_Lib\HT8_it.c"
 129  0000              @TB0_ISR_code .section at 28 'code'
 129  0000              _TB0_ISR:
 129  0000              ifdef INTERRUPT_DELAY
 129  0000              	nop
 129  0000              endif
 129  0000  0004        	reti
 129  0001              #line 129 "f:\zccback\案例\tds\双路tds模块\显示模块\tds_disp\SW_Lib\HT8_it.c"
 129  0001              #pragma debug scope 1 1
 129  0001              public _TB1_ISR
 129  0001              #pragma debug scope 10 1
 142  0001              #line 142 "f:\zccback\案例\tds\双路tds模块\显示模块\tds_disp\SW_Lib\HT8_it.c"
 142  0000              @TB1_ISR_code .section at 32 'code'
 142  0000              _TB1_ISR:
 142  0000              ifdef INTERRUPT_DELAY
 142  0000              	nop
 142  0000              endif
 142  0000  0004        	reti
 142  0001              #line 142 "f:\zccback\案例\tds\双路tds模块\显示模块\tds_disp\SW_Lib\HT8_it.c"
 142  0001              #pragma debug scope 1 1
 142  0001              public _INT1_ISR
 142  0001              #pragma debug scope 11 1
 155  0001              #line 155 "f:\zccback\案例\tds\双路tds模块\显示模块\tds_disp\SW_Lib\HT8_it.c"
 155  0000              @INT1_ISR_code .section at 36 'code'
 155  0000              _INT1_ISR:
 155  0000              ifdef INTERRUPT_DELAY
 155  0000              	nop
 155  0000              endif
 155  0000  0004        	reti
 155  0001              #line 155 "f:\zccback\案例\tds\双路tds模块\显示模块\tds_disp\SW_Lib\HT8_it.c"
 155  0001              #pragma debug scope 1 1
 155  0001              #pragma debug struct_end
 155  0001              #pragma debug struct_end
 155  0001              #pragma debug union_end
 155  0001              #pragma debug union_end
 155  0001              #pragma debug variable 43 1 ___mfi0 "__mfi0" 1
 155  0001              #pragma debug struct_end
 155  0001              #pragma debug struct_end
 155  0001              #pragma debug union_end
 155  0001              #pragma debug union_end
 155  0001              #pragma debug variable 45 1 ___mfi2 "__mfi2" 1
 155  0001              extern r1:byte
 155  0001              extern r2:byte
 155  0001              
 155  0001              ; 
 155  0001              ; Generated by holtek-gcc v3.19, Tue Jul 27 17:51:56 2021
 155  0001              ; Rebuild 718
 155  0001              ; end of file


        0 Errors, 0