文件：HT8_SYS_Clock.c 编译器版本 HGASM 0202 页次1


   1  0000              ; Generated by holtek-gcc v3.19, Tue Jul 27 17:51:56 2021
   2  0000              ; 
   3  0000              ; Configuration:
   4  0000              ;       with long instruction
   5  0000              ;       Single ROM, Multi-RAM
   6  0000              ;       bits_per_rom_unit:16
   7  0000              ;       with mp1
   8  0000              ;       with tbhp, address(0x9)
   9  0000              ;          Use tabrd-const
  10  0000              ;       
  11  0000              ; SFR address of long-instruction arch:
  12  0000              ;    mp0 = -1,1,0
  13  0000              ;    mp1 = 4,3,2
  14  0000              ;    mp2 = 14,13,12
  15  0000              ;    tbp = 9,7,8
  16  0000              ;    acc = 5
  17  0000              ;    pcl = 6
  18  0000              ;    status = 10
  19  0000              ;    bp = 11
  20  0000              ;    intc = 17
  21  0000              ;       
  22  0000              ;       
  23  0000              ; use 'tabrdc' instead of 'tabrd'
  24  0000              ;       
  25  0000              
  26  0000              #pragma translator "holtek-gcc 4.6.4" "3.19" "build 20130711"
  27  0000              ; Rebuild 718
  28  0000              
  29  0000              ir equ [2]
  30  0000              mp equ [3]
  31  0000              sbp equ [4]
  32  0000              acc equ [5]
  33  0000              bp equ [11]
  34  0000              tblp equ [7]
  35  0000              tbhp equ [9]
  36  0000              status equ [10]
  37  0000              c equ [10].0
  38  0000              ac equ [10].1
  39  0000              z equ [10].2
  40  0000              ov equ [10].3
  41  0000              cz equ [10].6
  42  0000              sc equ [10].7
  43  0000              intc equ [17]
  44  0000              
  45  0000              extern ra:byte
  46  0000              extern rb:byte
  47  0000              extern rc:byte
  48  0000              extern rd:byte
  49  0000              extern re:byte
  50  0000              extern rf:byte
  51  0000              extern rg:byte
  52  0000              extern rh:byte
  53  0000              extern _Crom2Prom:near
  54  0000              extern _Crom2PromNext:near
  55  0000              
  56  0000              RAMBANK 0 @BITDATASEC, @BITDATASEC1
  57  0000              @HCCINIT	.section 'data'
  58  0000              @HCCINIT0	.section 'data'
  59  0000              @BITDATASEC	 .section 'data'
文件：HT8_SYS_Clock.ASM 编译器版本 HGASM 0202 页次2

  60  0000              @BITDATASEC1	 .section 'data'
  61  0000              
  62  0000              #pragma debug scope 1 1
  63  0000              	extern __DELAY3:near
  64  0000              	extern __DELAYX3:near
  65  0000              	extern __DELAYX6:near
  66  0000              	extern __DELAYY5:near
  67  0000              	extern __DELAYY3:near
  68  0000              	extern _builtin_holtek_delay_2:byte
  69  0000              ___hircc equ [28]
  70  0000              ___scc equ [25]
  71  0000              public _SysClock_Init
  72  0000              #pragma debug scope 2 1

  40  0000              #line 40 "f:\zccback\案例\tds\双路tds模块\显示模块\tds_disp\SW_Lib\HT8_SYS_Clock.c"
  40  0000              _SysClock_Init .section 'code'
  40  0000              _SysClock_Init proc
  43  0000              #line 43 "f:\zccback\案例\tds\双路tds模块\显示模块\tds_disp\SW_Lib\HT8_SYS_Clock.c"
  43  0000  301C        	set [28].0
  43  0001  359C        	clr [28].3
  43  0002  351C        	clr [28].2
  43  0003              _L3:
  43  0003              #line 43 "f:\zccback\案例\tds\双路tds模块\显示模块\tds_disp\SW_Lib\HT8_SYS_Clock.c"
  43  0003  389C        	snz [28].1
  43  0004  2800     R  	jmp _L3
  43  0005  3599        	clr [25].3
  63  0006              #line 63 "f:\zccback\案例\tds\双路tds模块\显示模块\tds_disp\SW_Lib\HT8_SYS_Clock.c"
  63  0006  3519        	clr [25].2
  73  0007              #line 73 "f:\zccback\案例\tds\双路tds模块\显示模块\tds_disp\SW_Lib\HT8_SYS_Clock.c"
  73  0007  3799        	clr [25].7
  73  0008  3719        	clr [25].6
  73  0009  3699        	clr [25].5
  73  000A  0003        	ret
  73  000B              _SysClock_Init endp
  73  000B              #line 73 "f:\zccback\案例\tds\双路tds模块\显示模块\tds_disp\SW_Lib\HT8_SYS_Clock.c"
  73  000B              #pragma debug scope 1 1
  73  000B              public _EnterHaltMode
  73  000B              #pragma debug scope 3 1
 106  000B              #line 106 "f:\zccback\案例\tds\双路tds模块\显示模块\tds_disp\SW_Lib\HT8_SYS_Clock.c"
 106  0000              _EnterHaltMode .section 'code'
 106  0000              _EnterHaltMode proc
 106  0000  00              local _EnterHaltMode_2 db 1 dup(?)	; 0,1
 106  0000  0080     R  	mov _EnterHaltMode_2[0],a
 106  0001              #pragma debug variable 8 3 _EnterHaltMode_2+0 "Halt_Mode"
 107  0001              #line 107 "f:\zccback\案例\tds\双路tds模块\显示模块\tds_disp\SW_Lib\HT8_SYS_Clock.c"
 107  0001  0FFC        	mov a,252
 107  0002  0699        	andm a,[25]
 108  0003              #line 108 "f:\zccback\案例\tds\双路tds模块\显示模块\tds_disp\SW_Lib\HT8_SYS_Clock.c"
 108  0003  0700     R  	mov a,_EnterHaltMode_2[0]
 108  0004  0599        	orm a,[25]
 109  0005              #line 109 "f:\zccback\案例\tds\双路tds模块\显示模块\tds_disp\SW_Lib\HT8_SYS_Clock.c"
 109  0005              ;# 109 "f:\zccback\案例\tds\双路tds模块\显示模块\tds_disp\SW_Lib\HT8_SYS_Clock.c" 1
 109  0005  0002        	halt
 109  0006  0003        	ret
 109  0007              _EnterHaltMode endp
 109  0007              #line 109 "f:\zccback\案例\tds\双路tds模块\显示模块\tds_disp\SW_Lib\HT8_SYS_Clock.c"
 109  0007              #pragma debug scope 1 1
 109  0007              #pragma debug struct_end
 109  0007              #pragma debug struct_end
 109  0007              #pragma debug union_end
文件：HT8_SYS_Clock.c 编译器版本 HGASM 0202 页次3

 109  0007              #pragma debug union_end
 109  0007              #pragma debug variable 43 1 ___scc "__scc" 1
 109  0007              #pragma debug struct_end
 109  0007              #pragma debug struct_end
 109  0007              #pragma debug union_end
 109  0007              #pragma debug union_end
 109  0007              #pragma debug variable 45 1 ___hircc "__hircc" 1
 109  0007              
 109  0007              ; 
 109  0007              ; Generated by holtek-gcc v3.19, Tue Jul 27 17:51:56 2021
 109  0007              ; Rebuild 718
 109  0007              ; end of file


        0 Errors, 0