文件：HT8_CTM.c    编译器版本 HGASM 0202 页次1


   1  0000              ; Generated by holtek-gcc v3.19, Tue Jul 27 17:51:57 2021
   2  0000              ; 
   3  0000              ; Configuration:
   4  0000              ;       with long instruction
   5  0000              ;       Single ROM, Multi-RAM
   6  0000              ;       bits_per_rom_unit:16
   7  0000              ;       with mp1
   8  0000              ;       with tbhp, address(0x9)
   9  0000              ;          Use tabrd-const
  10  0000              ;       
  11  0000              ; SFR address of long-instruction arch:
  12  0000              ;    mp0 = -1,1,0
  13  0000              ;    mp1 = 4,3,2
  14  0000              ;    mp2 = 14,13,12
  15  0000              ;    tbp = 9,7,8
  16  0000              ;    acc = 5
  17  0000              ;    pcl = 6
  18  0000              ;    status = 10
  19  0000              ;    bp = 11
  20  0000              ;    intc = 17
  21  0000              ;       
  22  0000              ;       
  23  0000              ; use 'tabrdc' instead of 'tabrd'
  24  0000              ;       
  25  0000              
  26  0000              #pragma translator "holtek-gcc 4.6.4" "3.19" "build 20130711"
  27  0000              ; Rebuild 718
  28  0000              
  29  0000              ir equ [2]
  30  0000              mp equ [3]
  31  0000              sbp equ [4]
  32  0000              acc equ [5]
  33  0000              bp equ [11]
  34  0000              tblp equ [7]
  35  0000              tbhp equ [9]
  36  0000              status equ [10]
  37  0000              c equ [10].0
  38  0000              ac equ [10].1
  39  0000              z equ [10].2
  40  0000              ov equ [10].3
  41  0000              cz equ [10].6
  42  0000              sc equ [10].7
  43  0000              intc equ [17]
  44  0000              
  45  0000              extern ra:byte
  46  0000              extern rb:byte
  47  0000              extern rc:byte
  48  0000              extern rd:byte
  49  0000              extern re:byte
  50  0000              extern rf:byte
  51  0000              extern rg:byte
  52  0000              extern rh:byte
  53  0000              extern _Crom2Prom:near
  54  0000              extern _Crom2PromNext:near
  55  0000              
  56  0000              RAMBANK 0 @BITDATASEC, @BITDATASEC1
  57  0000              @HCCINIT	.section 'data'
  58  0000              @HCCINIT0	.section 'data'
  59  0000              @BITDATASEC	 .section 'data'
文件：HT8_CTM.ASM  编译器版本 HGASM 0202 页次2

  60  0000              @BITDATASEC1	 .section 'data'
  61  0000              
  62  0000              #pragma debug scope 1 1
  63  0000              	extern __DELAY3:near
  64  0000              	extern __DELAYX3:near
  65  0000              	extern __DELAYX6:near
  66  0000              	extern __DELAYY5:near
  67  0000              	extern __DELAYY3:near
  68  0000              	extern _builtin_holtek_delay_2:byte
  69  0000              ___ctmc1 equ [41]
  70  0000              ___ctmc0 equ [40]
  71  0000              public _CTM_Init
  72  0000              #pragma debug scope 2 1

  43  0000              #line 43 "f:\zccback\案例\tds\双路tds模块\显示模块\tds_disp\SW_Lib\HT8_CTM.c"
  43  0000              _CTM_Init .section 'code'
  43  0000              _CTM_Init proc
  46  0000              #line 46 "f:\zccback\案例\tds\双路tds模块\显示模块\tds_disp\SW_Lib\HT8_CTM.c"
  46  0000  33A9        	set [41].7
  46  0001  3329        	set [41].6
  60  0002              #line 60 "f:\zccback\案例\tds\双路tds模块\显示模块\tds_disp\SW_Lib\HT8_CTM.c"
  60  0002  3728        	clr [40].6
  60  0003  36A8        	clr [40].5
  60  0004  3628        	clr [40].4
  85  0005              #line 85 "f:\zccback\案例\tds\双路tds模块\显示模块\tds_disp\SW_Lib\HT8_CTM.c"
  85  0005  3029        	set [41].0
  85  0006  0003        	ret
  85  0007              _CTM_Init endp
  85  0007              #line 85 "f:\zccback\案例\tds\双路tds模块\显示模块\tds_disp\SW_Lib\HT8_CTM.c"
  85  0007              #pragma debug scope 1 1
  85  0007              public _CTM_PwmOutputConfig
  85  0007              #pragma debug scope 3 1
 104  0007              #line 104 "f:\zccback\案例\tds\双路tds模块\显示模块\tds_disp\SW_Lib\HT8_CTM.c"
 104  0000              _CTM_PwmOutputConfig .section 'code'
 104  0000              _CTM_PwmOutputConfig proc
 109  0000              #line 109 "f:\zccback\案例\tds\双路tds模块\显示模块\tds_disp\SW_Lib\HT8_CTM.c"
 109  0000  31A9        	set [41].3
 117  0001              #line 117 "f:\zccback\案例\tds\双路tds模块\显示模块\tds_disp\SW_Lib\HT8_CTM.c"
 117  0001  3129        	set [41].2
 125  0002              #line 125 "f:\zccback\案例\tds\双路tds模块\显示模块\tds_disp\SW_Lib\HT8_CTM.c"
 125  0002  30A9        	set [41].1
 125  0003  0003        	ret
 125  0004              _CTM_PwmOutputConfig endp
 125  0004              #line 125 "f:\zccback\案例\tds\双路tds模块\显示模块\tds_disp\SW_Lib\HT8_CTM.c"
 125  0004              #pragma debug scope 1 1
 125  0004              ___ctmal equ [44]
 125  0004              ___ctmah equ [45]
 125  0004              ___ctmrp equ [46]
 125  0004              public _CTM_PwmUpdate
 125  0004              #pragma debug scope 4 1
 142  0004              #line 142 "f:\zccback\案例\tds\双路tds模块\显示模块\tds_disp\SW_Lib\HT8_CTM.c"
 142  0000              _CTM_PwmUpdate .section 'code'
 142  0000              _CTM_PwmUpdate proc
 142  0000              public _CTM_PwmUpdate_2
 142  0000  0003[           local _CTM_PwmUpdate_2 db 3 dup(?)	; 3,0
            00
            ]
 142  0003              #pragma debug variable 10 4 _CTM_PwmUpdate_2+0 "TempCCRA"
 142  0003              #pragma debug variable 8 4 _CTM_PwmUpdate_2+2 "TempCCRP"
 143  0003              #line 143 "f:\zccback\案例\tds\双路tds模块\显示模块\tds_disp\SW_Lib\HT8_CTM.c"
文件：HT8_CTM.c    编译器版本 HGASM 0202 页次3

 143  0000  0700     R  	mov a,_CTM_PwmUpdate_2[0]
 143  0001  00AC        	mov [44],a
 144  0002              #line 144 "f:\zccback\案例\tds\双路tds模块\显示模块\tds_disp\SW_Lib\HT8_CTM.c"
 144  0002  0700     R  	mov a,_CTM_PwmUpdate_2[1]
 144  0003  00AD        	mov [45],a
 145  0004              #line 145 "f:\zccback\案例\tds\双路tds模块\显示模块\tds_disp\SW_Lib\HT8_CTM.c"
 145  0004  0700     R  	mov a,_CTM_PwmUpdate_2[2]
 145  0005  00AE        	mov [46],a
 145  0006  0003        	ret
 145  0007              _CTM_PwmUpdate endp
 145  0007              #line 145 "f:\zccback\案例\tds\双路tds模块\显示模块\tds_disp\SW_Lib\HT8_CTM.c"
 145  0007              #pragma debug scope 1 1
 145  0007              public _CTM_CounterModeConfig
 145  0007              #pragma debug scope 5 1
 160  0007              #line 160 "f:\zccback\案例\tds\双路tds模块\显示模块\tds_disp\SW_Lib\HT8_CTM.c"
 160  0000              _CTM_CounterModeConfig .section 'code'
 160  0000              _CTM_CounterModeConfig proc
 160  0000              public _CTM_CounterModeConfig_2
 160  0000  0002[           local _CTM_CounterModeConfig_2 db 2 dup(?)	; 2,0
            00
            ]
 160  0002              #pragma debug variable 10 5 _CTM_CounterModeConfig_2+0 "TempPeriod"
 162  0002              #line 162 "f:\zccback\案例\tds\双路tds模块\显示模块\tds_disp\SW_Lib\HT8_CTM.c"
 162  0000  0700     R  	mov a,_CTM_CounterModeConfig_2[0]
 162  0001  00AC        	mov [44],a
 163  0002              #line 163 "f:\zccback\案例\tds\双路tds模块\显示模块\tds_disp\SW_Lib\HT8_CTM.c"
 163  0002  0700     R  	mov a,_CTM_CounterModeConfig_2[1]
 163  0003  00AD        	mov [45],a
 163  0004  0003        	ret
 163  0005              _CTM_CounterModeConfig endp
 163  0005              #line 163 "f:\zccback\案例\tds\双路tds模块\显示模块\tds_disp\SW_Lib\HT8_CTM.c"
 163  0005              #pragma debug scope 1 1
 163  0005              public _CTM_CompareMatchOutputConfig
 163  0005              #pragma debug scope 6 1
 180  0005              #line 180 "f:\zccback\案例\tds\双路tds模块\显示模块\tds_disp\SW_Lib\HT8_CTM.c"
 180  0000              _CTM_CompareMatchOutputConfig .section 'code'
 180  0000              _CTM_CompareMatchOutputConfig proc
 200  0000              #line 200 "f:\zccback\案例\tds\双路tds模块\显示模块\tds_disp\SW_Lib\HT8_CTM.c"
 200  0000  31A9        	set [41].3
 208  0001              #line 208 "f:\zccback\案例\tds\双路tds模块\显示模块\tds_disp\SW_Lib\HT8_CTM.c"
 208  0001  3129        	set [41].2
 208  0002  0003        	ret
 208  0003              _CTM_CompareMatchOutputConfig endp
 208  0003              #line 208 "f:\zccback\案例\tds\双路tds模块\显示模块\tds_disp\SW_Lib\HT8_CTM.c"
 208  0003              #pragma debug scope 1 1
 208  0003              public _CTM_CompareMatchOutputUpdate
 208  0003              #pragma debug scope 7 1
 225  0003              #line 225 "f:\zccback\案例\tds\双路tds模块\显示模块\tds_disp\SW_Lib\HT8_CTM.c"
 225  0000              _CTM_CompareMatchOutputUpdate .section 'code'
 225  0000              _CTM_CompareMatchOutputUpdate proc
 225  0000              public _CTM_CompareMatchOutputUpdate_2
 225  0000  0002[           local _CTM_CompareMatchOutputUpdate_2 db 2 dup(?)	; 2,0
            00
            ]
 225  0002              #pragma debug variable 10 7 _CTM_CompareMatchOutputUpdate_2+0 "TempMatchTime"
 227  0002              #line 227 "f:\zccback\案例\tds\双路tds模块\显示模块\tds_disp\SW_Lib\HT8_CTM.c"
 227  0000  0700     R  	mov a,_CTM_CompareMatchOutputUpdate_2[0]
 227  0001  00AC        	mov [44],a
 228  0002              #line 228 "f:\zccback\案例\tds\双路tds模块\显示模块\tds_disp\SW_Lib\HT8_CTM.c"
 228  0002  0700     R  	mov a,_CTM_CompareMatchOutputUpdate_2[1]
文件：HT8_CTM.c    编译器版本 HGASM 0202 页次4

 228  0003  00AD        	mov [45],a
 228  0004  0003        	ret
 228  0005              _CTM_CompareMatchOutputUpdate endp
 228  0005              #line 228 "f:\zccback\案例\tds\双路tds模块\显示模块\tds_disp\SW_Lib\HT8_CTM.c"
 228  0005              #pragma debug scope 1 1
 228  0005              #pragma debug struct_end
 228  0005              #pragma debug struct_end
 228  0005              #pragma debug union_end
 228  0005              #pragma debug union_end
 228  0005              #pragma debug variable 43 1 ___ctmc0 "__ctmc0" 1
 228  0005              #pragma debug struct_end
 228  0005              #pragma debug struct_end
 228  0005              #pragma debug union_end
 228  0005              #pragma debug union_end
 228  0005              #pragma debug variable 45 1 ___ctmc1 "__ctmc1" 1
 228  0005              #pragma debug variable 8 1 ___ctmal "__ctmal" 1
 228  0005              #pragma debug variable 8 1 ___ctmah "__ctmah" 1
 228  0005              #pragma debug variable 8 1 ___ctmrp "__ctmrp" 1
 228  0005              
 228  0005              ; 
 228  0005              ; Generated by holtek-gcc v3.19, Tue Jul 27 17:51:57 2021
 228  0005              ; Rebuild 718
 228  0005              ; end of file


        0 Errors, 0